08-21 12:20:19 com_github_MitjaNemec_PlaceFootprints.action_place_footprints 674:Plugin executed on: 'linux'
08-21 12:20:19 com_github_MitjaNemec_PlaceFootprints.action_place_footprints 675:Plugin executed with python version: '3.13.14 (main, Nov 10 2011, 15:00:00) [GCC 15.2.0]'
08-21 12:20:19 com_github_MitjaNemec_PlaceFootprints.action_place_footprints 676:KiCad build version: 10.0.5
08-21 12:20:19 com_github_MitjaNemec_PlaceFootprints.action_place_footprints 677:Plugin version: 5.0.0

08-21 12:20:19 com_github_MitjaNemec_PlaceFootprints.action_place_footprints 678:Frame repr: <wx._core.Frame object at 0x752389e19400>
08-21 14:11:59 impart_plugin 46:Plugin initialization started on Linux
08-21 14:11:59 impart_plugin 47:Python executable: /usr/bin/python3
08-21 14:11:59 impart_plugin 48:Python version: 3.13.14 (main, Nov 10 2011, 15:00:00) [GCC 15.2.0]
08-21 14:11:59 impart_plugin 49:Plugin directory: /home/oisin/.var/app/org.kicad.KiCad/data/kicad/10.0/3rdparty/plugins/com_github_Steffen-W_impartGUI
08-21 14:11:59 impart_plugin 137:Plugin started
08-21 14:11:59 impart_plugin 99:All submodule paths configured successfully
08-21 14:11:59 impart_plugin 171:Starting plugin frontend
08-21 14:11:59 root 377:Running in FALLBACK MODE (called from pcbnew)
08-21 14:11:59 root 389:Fallback mode: Skipping IPC server registration
08-21 14:12:00 root 193:Initializing ImpartBackend
08-21 14:12:00 com_github_Steffen-W_impartGUI.KiCad_Settings 42:Initializing KiCad_Settings with path: /home/oisin/.var/app/org.kicad.KiCad/config/kicad/10.0
08-21 14:12:00 com_github_Steffen-W_impartGUI.FileHandler 52:Changed directory to '.'
08-21 14:12:00 root 210:Successfully initialized all backend components
08-21 14:12:00 root 211:KiCad settings path: /home/oisin/.var/app/org.kicad.KiCad/config/kicad/10.0
08-21 14:12:00 root 919:Created new backend handler
08-21 14:12:03 com_github_Steffen-W_impartGUI.impart_easyeda 260:Component import failed for C2846670: Failed to fetch CAD data for component C2846670
08-21 14:12:03 root 905:Runtime error importing C2846670: Failed to fetch CAD data for component C2846670
08-21 14:12:08 com_github_Steffen-W_impartGUI.KiCad_Settings 242:Successfully loaded KiCad common config
08-21 14:12:08 com_github_Steffen-W_impartGUI.KiCad_Settings 274:Found 1 global variables
08-21 14:12:08 com_github_Steffen-W_impartGUI.KiCad_Settings 55:Successfully loaded symbol library table with 5 entries
08-21 14:12:08 com_github_Steffen-W_impartGUI.KiCad_Settings 147:Successfully loaded footprint library table with 5 entries
08-21 14:12:08 com_github_Steffen-W_impartGUI.KiCad_Settings 55:Successfully loaded symbol library table with 5 entries
08-21 14:12:08 com_github_Steffen-W_impartGUI.KiCad_Settings 147:Successfully loaded footprint library table with 5 entries
08-21 14:12:20 com_github_Steffen-W_impartGUI.impart_easyeda 260:Component import failed for C2846670: Failed to fetch CAD data for component C2846670
08-21 14:12:20 root 905:Runtime error importing C2846670: Failed to fetch CAD data for component C2846670
08-21 14:12:22 com_github_Steffen-W_impartGUI.KiCad_Settings 242:Successfully loaded KiCad common config
08-21 14:12:22 com_github_Steffen-W_impartGUI.KiCad_Settings 274:Found 1 global variables
08-21 14:12:22 com_github_Steffen-W_impartGUI.KiCad_Settings 55:Successfully loaded symbol library table with 5 entries
08-21 14:12:22 com_github_Steffen-W_impartGUI.KiCad_Settings 147:Successfully loaded footprint library table with 5 entries
08-21 14:12:22 com_github_Steffen-W_impartGUI.KiCad_Settings 55:Successfully loaded symbol library table with 5 entries
08-21 14:12:22 com_github_Steffen-W_impartGUI.KiCad_Settings 147:Successfully loaded footprint library table with 5 entries
08-21 14:12:24 root 570:No auto import: Closing everything completely
08-21 14:12:24 impart_plugin 179:Plugin stopped
08-21 14:22:23 root 199:IPC server stopped
